- apiVersion: apiextensions.k8s.io/v1
  kind: CustomResourceDefinition
  metadata:
    annotations:
      cert-manager.io/inject-ca-from: test3000/e2e-operator-serving-cert
      controller-gen.kubebuilder.io/version: v0.2.9
    creationTimestamp: null
    labels:
      kubecarrier.io/role: manager
    name: dbs.fake.kubecarrier.io
  spec:
    conversion:
      strategy: Webhook
      webhook:
        caBundle: Cg==
        clientConfig:
          service:
            name: e2e-operator-webhook-service
            namespace: test3000
            path: /convert
        conversionReviewVersions:
        - v1
        - v1beta1
    group: fake.kubecarrier.io
    names:
      categories:
      - all
      kind: DB
      listKind: DBList
      plural: dbs
      singular: db
    scope: Namespaced
    versions:
    - additionalPrinterColumns:
      - jsonPath: .status.phase
        name: Status
        type: string
      - jsonPath: .metadata.creationTimestamp
        name: Age
        type: date
      - jsonPath: .status.connection
        name: Connection
        type: string
      name: v1
      schema:
        openAPIV3Schema:
          description: DB is core element in e2e operator
          properties:
            apiVersion:
              description: 'APIVersion defines the versioned schema of this representation
                of an object. Servers should convert recognized schemas to the latest
                internal value, and may reject unrecognized values. More info: https://git.k8s.io/community/contributors/devel/sig-architecture/api-conventions.md#resources'
              type: string
            kind:
              description: 'Kind is a string value representing the REST resource
                this object represents. Servers may infer this from the endpoint the
                client submits requests to. Cannot be updated. In CamelCase. More
                info: https://git.k8s.io/community/contributors/devel/sig-architecture/api-conventions.md#types-kinds'
              type: string
            metadata:
              type: object
            spec:
              description: DBSpec defines the desired state of DB
              properties:
                config:
                  description: Config is E2E tests params
                  properties:
                    create:
                      default: Enabled
                      description: CreateEnable control whether create operation enabled
                        or not
                      type: string
                    delete:
                      default: Enabled
                      description: DeleteEnable control whether delete operation enabled
                        or not
                      type: string
                    deletionAfterSeconds:
                      description: DeletionAfterSeconds represents duration after
                        which operator will remove finalizer
                      type: integer
                    readyAfterSeconds:
                      description: ReadyAfterSeconds represents duration after which
                        operator will mark DB as Ready
                      type: integer
                    update:
                      default: Enabled
                      description: UpdateEnable control whether update operation enabled
                        or not
                      type: string
                  type: object
                databaseName:
                  description: DatabaseName of the created database at start up
                  minLength: 1
                  type: string
                databasePassword:
                  description: DatabasePassword for the created database. Leave blank
                    for auto-generation
                  type: string
                databaseUser:
                  description: DatabaseUser for created database
                  type: string
                rootPassword:
                  description: RootPassword is root account password for this data.
                    Leave blank for auto-generation
                  type: string
              required:
              - databaseName
              - databaseUser
              type: object
            status:
              description: DBStatus defines the observed state of DB
              properties:
                conditions:
                  description: Conditions represents the latest available observations
                    of a FakeDB's current state.
                  items:
                    description: DBCondition contains details for the current condition
                      of this DB.
                    properties:
                      lastTransitionTime:
                        description: LastTransitionTime is the last time the condition
                          transits from one status to another.
                        format: date-time
                        type: string
                      message:
                        description: Message is the human readable message indicating
                          details about last transition.
                        type: string
                      reason:
                        description: Reason is the (brief) reason for the condition's
                          last transition.
                        type: string
                      status:
                        description: Status is the status of the condition, one of
                          ('True', 'False', 'Unknown').
                        type: string
                      type:
                        description: Type is the type of the DB condition, currently
                          ('Ready').
                        type: string
                    required:
                    - lastTransitionTime
                    - message
                    - reason
                    - status
                    - type
                    type: object
                  type: array
                connection:
                  description: Connection is the connection string for FakeDB
                  type: string
                observedGeneration:
                  description: ObservedGeneration is the most recent generation observed
                    for this FakeDB by the controller.
                  format: int64
                  type: integer
                phase:
                  description: DEPRECATED. Phase represents the current lifecycle
                    state of this object. Consider this field DEPRECATED, it will
                    be removed as soon as there is a mechanism to map conditions to
                    strings when printing the property. This is only for display purpose,
                    for everything else use conditions.
                  type: string
              type: object
          type: object
      served: true
      storage: true
      subresources:
        status: {}
    - additionalPrinterColumns:
      - jsonPath: .status.phase
        name: Status
        type: string
      - jsonPath: .metadata.creationTimestamp
        name: Age
        type: date
      - jsonPath: .status.connection
        name: Connection
        type: string
      name: v1alpha1
      schema:
        openAPIV3Schema:
          description: DB is core element in e2e operator
          properties:
            apiVersion:
              description: 'APIVersion defines the versioned schema of this representation
                of an object. Servers should convert recognized schemas to the latest
                internal value, and may reject unrecognized values. More info: https://git.k8s.io/community/contributors/devel/sig-architecture/api-conventions.md#resources'
              type: string
            kind:
              description: 'Kind is a string value representing the REST resource
                this object represents. Servers may infer this from the endpoint the
                client submits requests to. Cannot be updated. In CamelCase. More
                info: https://git.k8s.io/community/contributors/devel/sig-architecture/api-conventions.md#types-kinds'
              type: string
            metadata:
              type: object
            spec:
              description: DBSpec defines the desired state of DB
              properties:
                config:
                  description: Config is E2E tests params
                  properties:
                    create:
                      default: Enabled
                      description: CreateEnable control whether create operation enabled
                        or not
                      type: string
                    delete:
                      default: Enabled
                      description: DeleteEnable control whether delete operation enabled
                        or not
                      type: string
                    deletionAfterSeconds:
                      description: DeletionAfterSeconds represents duration after
                        which operator will remove finalizer
                      type: integer
                    readyAfterSeconds:
                      description: ReadyAfterSeconds represents duration after which
                        operator will mark DB as Ready
                      type: integer
                    update:
                      default: Enabled
                      description: UpdateEnable control whether update operation enabled
                        or not
                      type: string
                  type: object
                databaseName:
                  description: DatabaseName of the created database at start up
                  minLength: 1
                  type: string
                databasePassword:
                  description: DatabasePassword for the created database. Leave blank
                    for auto-generation
                  type: string
                databaseUser:
                  description: DatabaseUser for created database
                  type: string
                rootPassword:
                  description: RootPassword is root account password for this data.
                    Leave blank for auto-generation
                  type: string
              required:
              - databaseName
              - databaseUser
              type: object
            status:
              description: DBStatus defines the observed state of DB
              properties:
                conditions:
                  description: Conditions represents the latest available observations
                    of a FakeDB's current state.
                  items:
                    description: DBCondition contains details for the current condition
                      of this DB.
                    properties:
                      lastTransitionTime:
                        description: LastTransitionTime is the last time the condition
                          transits from one status to another.
                        format: date-time
                        type: string
                      message:
                        description: Message is the human readable message indicating
                          details about last transition.
                        type: string
                      reason:
                        description: Reason is the (brief) reason for the condition's
                          last transition.
                        type: string
                      status:
                        description: Status is the status of the condition, one of
                          ('True', 'False', 'Unknown').
                        type: string
                      type:
                        description: Type is the type of the DB condition, currently
                          ('Ready').
                        type: string
                    required:
                    - lastTransitionTime
                    - message
                    - reason
                    - status
                    - type
                    type: object
                  type: array
                connection:
                  description: Connection is the connection string for FakeDB
                  properties:
                    endpoint:
                      description: Endpoint for this database
                      type: string
                    name:
                      description: Database name
                      type: string
                    username:
                      description: Username for this database
                      type: string
                  required:
                  - endpoint
                  - name
                  - username
                  type: object
                observedGeneration:
                  description: ObservedGeneration is the most recent generation observed
                    for this FakeDB by the controller.
                  format: int64
                  type: integer
                phase:
                  description: DEPRECATED. Phase represents the current lifecycle
                    state of this object. Consider this field DEPRECATED, it will
                    be removed as soon as there is a mechanism to map conditions to
                    strings when printing the property. This is only for display purpose,
                    for everything else use conditions.
                  type: string
              type: object
          type: object
      served: true
      storage: false
      subresources:
        status: {}
  status:
    acceptedNames:
      kind: ""
      plural: ""
    conditions: []
    storedVersions: []
- apiVersion: apiextensions.k8s.io/v1
  kind: CustomResourceDefinition
  metadata:
    annotations:
      controller-gen.kubebuilder.io/version: v0.2.9
    creationTimestamp: null
    labels:
      kubecarrier.io/role: manager
    name: snapshots.fake.kubecarrier.io
  spec:
    group: fake.kubecarrier.io
    names:
      categories:
      - all
      kind: Snapshot
      listKind: SnapshotList
      plural: snapshots
      singular: snapshot
    scope: Namespaced
    versions:
    - additionalPrinterColumns:
      - jsonPath: .status.phase
        name: Status
        type: string
      - jsonPath: .metadata.creationTimestamp
        name: Age
        type: date
      name: v1
      schema:
        openAPIV3Schema:
          description: Snapshot is snapshot of the DB element for e2e operator
          properties:
            apiVersion:
              description: 'APIVersion defines the versioned schema of this representation
                of an object. Servers should convert recognized schemas to the latest
                internal value, and may reject unrecognized values. More info: https://git.k8s.io/community/contributors/devel/sig-architecture/api-conventions.md#resources'
              type: string
            kind:
              description: 'Kind is a string value representing the REST resource
                this object represents. Servers may infer this from the endpoint the
                client submits requests to. Cannot be updated. In CamelCase. More
                info: https://git.k8s.io/community/contributors/devel/sig-architecture/api-conventions.md#types-kinds'
              type: string
            metadata:
              type: object
            spec:
              description: SnapshotSpec defines the desired state of Snapshot
              properties:
                dbName:
                  description: DBName is the name of the source DB
                  type: string
              type: object
            status:
              description: SnapshotStatus defines the observed state of Snapshot
              properties:
                conditions:
                  description: Conditions represents the latest available observations
                    of a Snapshot's current state.
                  items:
                    description: SnapshotCondition contains details for the current
                      condition of this Snapshot.
                    properties:
                      lastTransitionTime:
                        description: LastTransitionTime is the last time the condition
                          transits from one status to another.
                        format: date-time
                        type: string
                      message:
                        description: Message is the human readable message indicating
                          details about last transition.
                        type: string
                      reason:
                        description: Reason is the (brief) reason for the condition's
                          last transition.
                        type: string
                      status:
                        description: Status is the status of the condition, one of
                          ('True', 'False', 'Unknown').
                        type: string
                      type:
                        description: Type is the type of the Snapshot condition, currently
                          ('Ready').
                        type: string
                    required:
                    - lastTransitionTime
                    - message
                    - reason
                    - status
                    - type
                    type: object
                  type: array
                date:
                  description: Date when snapshot was taken
                  format: date-time
                  type: string
                observedGeneration:
                  description: ObservedGeneration is the most recent generation observed
                    for this Snapshot by the controller.
                  format: int64
                  type: integer
                phase:
                  description: DEPRECATED. Phase represents the current lifecycle
                    state of this object. Consider this field DEPRECATED, it will
                    be removed as soon as there is a mechanism to map conditions to
                    strings when printing the property. This is only for display purpose,
                    for everything else use conditions.
                  type: string
              type: object
          type: object
      served: true
      storage: true
      subresources:
        status: {}
  status:
    acceptedNames:
      kind: ""
      plural: ""
    conditions: []
    storedVersions: []
- apiVersion: apiextensions.k8s.io/v1
  kind: CustomResourceDefinition
  metadata:
    annotations:
      controller-gen.kubebuilder.io/version: v0.2.9
    creationTimestamp: null
    labels:
      kubecarrier.io/role: manager
    name: backups.fake.kubecarrier.io
  spec:
    group: fake.kubecarrier.io
    names:
      categories:
      - all
      kind: Backup
      listKind: BackupList
      plural: backups
      singular: backup
    scope: Namespaced
    versions:
    - additionalPrinterColumns:
      - jsonPath: .status.phase
        name: Status
        type: string
      - jsonPath: .metadata.creationTimestamp
        name: Age
        type: date
      name: v1
      schema:
        openAPIV3Schema:
          description: Backup is backup of the DB element for e2e operator
          properties:
            apiVersion:
              description: 'APIVersion defines the versioned schema of this representation
                of an object. Servers should convert recognized schemas to the latest
                internal value, and may reject unrecognized values. More info: https://git.k8s.io/community/contributors/devel/sig-architecture/api-conventions.md#resources'
              type: string
            kind:
              description: 'Kind is a string value representing the REST resource
                this object represents. Servers may infer this from the endpoint the
                client submits requests to. Cannot be updated. In CamelCase. More
                info: https://git.k8s.io/community/contributors/devel/sig-architecture/api-conventions.md#types-kinds'
              type: string
            metadata:
              type: object
            spec:
              description: BackupSpec defines the desired state of Backup
              properties:
                dbName:
                  type: string
              required:
              - dbName
              type: object
            status:
              description: BackupStatus defines the observed state of Backup
              properties:
                conditions:
                  description: Conditions represents the latest available observations
                    of a Backup's current state.
                  items:
                    description: BackupCondition contains details for the current
                      condition of this Backup.
                    properties:
                      lastTransitionTime:
                        description: LastTransitionTime is the last time the condition
                          transits from one status to another.
                        format: date-time
                        type: string
                      message:
                        description: Message is the human readable message indicating
                          details about last transition.
                        type: string
                      reason:
                        description: Reason is the (brief) reason for the condition's
                          last transition.
                        type: string
                      status:
                        description: Status is the status of the condition, one of
                          ('True', 'False', 'Unknown').
                        type: string
                      type:
                        description: Type is the type of the Backup condition, currently
                          ('Ready').
                        type: string
                    required:
                    - lastTransitionTime
                    - message
                    - reason
                    - status
                    - type
                    type: object
                  type: array
                observedGeneration:
                  description: ObservedGeneration is the most recent generation observed
                    for this Backup by the controller.
                  format: int64
                  type: integer
                phase:
                  description: DEPRECATED. Phase represents the current lifecycle
                    state of this object. Consider this field DEPRECATED, it will
                    be removed as soon as there is a mechanism to map conditions to
                    strings when printing the property. This is only for display purpose,
                    for everything else use conditions.
                  type: string
              type: object
          type: object
      served: true
      storage: true
      subresources:
        status: {}
  status:
    acceptedNames:
      kind: ""
      plural: ""
    conditions: []
    storedVersions: []
- apiVersion: rbac.authorization.k8s.io/v1
  kind: ClusterRole
  metadata:
    creationTimestamp: null
    labels:
      kubecarrier.io/role: manager
    name: e2e-operator-manager-role
  rules:
  - apiGroups:
    - fake.kubecarrier.io
    resources:
    - backups
    verbs:
    - create
    - delete
    - get
    - list
    - patch
    - update
    - watch
  - apiGroups:
    - fake.kubecarrier.io
    resources:
    - backups/status
    verbs:
    - get
    - patch
    - update
  - apiGroups:
    - fake.kubecarrier.io
    resources:
    - dbs
    verbs:
    - create
    - delete
    - get
    - list
    - patch
    - update
    - watch
  - apiGroups:
    - fake.kubecarrier.io
    resources:
    - dbs/status
    verbs:
    - get
    - patch
    - update
  - apiGroups:
    - fake.kubecarrier.io
    resources:
    - snapshots
    verbs:
    - create
    - delete
    - get
    - list
    - patch
    - update
    - watch
  - apiGroups:
    - fake.kubecarrier.io
    resources:
    - snapshots/status
    verbs:
    - get
    - patch
    - update
- apiVersion: v1
  kind: ServiceAccount
  metadata:
    labels:
      kubecarrier.io/role: manager
    name: e2e-operator-sa
    namespace: test3000
- apiVersion: rbac.authorization.k8s.io/v1
  kind: ClusterRoleBinding
  metadata:
    labels:
      kubecarrier.io/role: manager
    name: e2e-operator-manager-rolebinding
  roleRef:
    apiGroup: rbac.authorization.k8s.io
    kind: ClusterRole
    name: e2e-operator-manager-role
  subjects:
  - kind: ServiceAccount
    name: e2e-operator-sa
    namespace: test3000
- apiVersion: apps/v1
  kind: Deployment
  metadata:
    labels:
      control-plane: e2e-operator
      kubecarrier.io/role: manager
    name: e2e-operator-manager
    namespace: test3000
  spec:
    replicas: 1
    selector:
      matchLabels:
        control-plane: e2e-operator
        kubecarrier.io/role: manager
    template:
      metadata:
        labels:
          control-plane: e2e-operator
          kubecarrier.io/role: manager
      spec:
        containers:
        - args:
          - --cert-dir=$(CERT_DIR)
          env:
          - name: CERT_DIR
            value: /tmp/k8s-webhook-server/serving-certs
          image: quay.io/kubecarrier/fake-operator:was not build properly
          livenessProbe:
            httpGet:
              path: /healthz
              port: readiness-port
          name: manager
          ports:
          - containerPort: 9443
            name: webhook-server
            protocol: TCP
          - containerPort: 9440
            name: readiness-port
            protocol: TCP
          readinessProbe:
            httpGet:
              path: /readyz
              port: readiness-port
          resources:
            limits:
              cpu: 100m
              memory: 100Mi
            requests:
              cpu: 100m
              memory: 100Mi
          volumeMounts:
          - mountPath: /tmp/k8s-webhook-server/serving-certs
            name: cert
            readOnly: true
        serviceAccountName: e2e-operator-sa
        terminationGracePeriodSeconds: 10
        volumes:
        - name: cert
          secret:
            defaultMode: 420
            secretName: e2e-operator-webhook-service-webhook-service-cert
- apiVersion: admissionregistration.k8s.io/v1beta1
  kind: MutatingWebhookConfiguration
  metadata:
    annotations:
      cert-manager.io/inject-ca-from: test3000/e2e-operator-serving-cert
    creationTimestamp: null
    labels:
      kubecarrier.io/role: manager
    name: e2e-operator-mutating-webhook-configuration
  webhooks:
  - clientConfig:
      caBundle: Cg==
      service:
        name: e2e-operator-webhook-service
        namespace: test3000
        path: /mutate-fake-kubecarrier-io-v1-db
    failurePolicy: Fail
    matchPolicy: Equivalent
    name: mdb.kubecarrier.io
    rules:
    - apiGroups:
      - fake.kubecarrier.io
      apiVersions:
      - v1
      operations:
      - CREATE
      - UPDATE
      - DELETE
      resources:
      - dbs
    sideEffects: NoneOnDryRun
- apiVersion: v1
  kind: Service
  metadata:
    labels:
      kubecarrier.io/role: manager
    name: e2e-operator-webhook-service
    namespace: test3000
  spec:
    ports:
    - port: 443
      targetPort: 9443
    selector:
      control-plane: e2e-operator
      kubecarrier.io/role: manager
- apiVersion: cert-manager.io/v1alpha2
  kind: Issuer
  metadata:
    labels:
      kubecarrier.io/role: manager
    name: e2e-operator-selfsigned-issuer
    namespace: test3000
  spec:
    selfSigned: {}
- apiVersion: cert-manager.io/v1alpha2
  kind: Certificate
  metadata:
    labels:
      kubecarrier.io/role: manager
    name: e2e-operator-serving-cert
    namespace: test3000
  spec:
    dnsNames:
    - e2e-operator-webhook-service.test3000.svc
    - e2e-operator-webhook-service.test3000.svc.cluster.local
    issuerRef:
      kind: Issuer
      name: e2e-operator-selfsigned-issuer
    secretName: e2e-operator-webhook-service-webhook-service-cert
