- apiVersion: rbac.authorization.k8s.io/v1
  kind: Role
  metadata:
    creationTimestamp: null
    labels:
      kubecarrier.io/role: catapult
    name: db-eu-west-1-catapult-manager
    namespace: test3000
  rules:
  - apiGroups:
    - kubecarrier.io
    resources:
    - serviceclusterassignments
    verbs:
    - get
    - list
    - watch
  - apiGroups:
    - kubecarrier.io
    resources:
    - serviceclusterassignments/status
    verbs:
    - get
- apiVersion: rbac.authorization.k8s.io/v1
  kind: ClusterRole
  metadata:
    creationTimestamp: null
    labels:
      kubecarrier.io/role: catapult
    name: db-eu-west-1-catapult-manager
  rules:
  - apiGroups:
    - eu-west-1.provider
    resources:
    - couchdbinternals
    verbs:
    - create
    - delete
    - get
    - list
    - patch
    - update
    - watch
  - apiGroups:
    - eu-west-1.provider
    resources:
    - couchdbinternals/status
    verbs:
    - get
    - patch
    - update
- apiVersion: v1
  kind: ServiceAccount
  metadata:
    labels:
      kubecarrier.io/role: catapult
    name: db-eu-west-1-catapult-sa
    namespace: test3000
- apiVersion: rbac.authorization.k8s.io/v1
  kind: ClusterRoleBinding
  metadata:
    labels:
      kubecarrier.io/role: catapult
    name: db-eu-west-1-catapult-manager
  roleRef:
    apiGroup: rbac.authorization.k8s.io
    kind: ClusterRole
    name: db-eu-west-1-catapult-manager
  subjects:
  - kind: ServiceAccount
    name: db-eu-west-1-catapult-sa
    namespace: test3000
- apiVersion: rbac.authorization.k8s.io/v1
  kind: RoleBinding
  metadata:
    labels:
      kubecarrier.io/role: catapult
    name: db-eu-west-1-catapult-manager
    namespace: test3000
  roleRef:
    apiGroup: rbac.authorization.k8s.io
    kind: Role
    name: db-eu-west-1-catapult-manager
  subjects:
  - kind: ServiceAccount
    name: db-eu-west-1-catapult-sa
    namespace: test3000
- apiVersion: rbac.authorization.k8s.io/v1
  kind: Role
  metadata:
    labels:
      kubecarrier.io/role: catapult
    name: db-eu-west-1-catapult-leader-election-role
    namespace: test3000
  rules:
  - apiGroups:
    - ""
    resources:
    - configmaps
    verbs:
    - get
    - list
    - watch
    - create
    - update
    - patch
    - delete
  - apiGroups:
    - ""
    resources:
    - configmaps/status
    verbs:
    - get
    - update
    - patch
  - apiGroups:
    - ""
    resources:
    - events
    verbs:
    - create
- apiVersion: rbac.authorization.k8s.io/v1
  kind: RoleBinding
  metadata:
    labels:
      kubecarrier.io/role: catapult
    name: db-eu-west-1-catapult-leader-election-rolebinding
    namespace: test3000
  roleRef:
    apiGroup: rbac.authorization.k8s.io
    kind: Role
    name: db-eu-west-1-catapult-leader-election-role
  subjects:
  - kind: ServiceAccount
    name: db-eu-west-1-catapult-sa
    namespace: test3000
- apiVersion: apps/v1
  kind: Deployment
  metadata:
    labels:
      control-plane: manager
      kubecarrier.io/role: catapult
    name: db-eu-west-1-catapult-manager
    namespace: test3000
  spec:
    replicas: 1
    selector:
      matchLabels:
        control-plane: manager
        kubecarrier.io/role: catapult
    template:
      metadata:
        labels:
          control-plane: manager
          kubecarrier.io/role: catapult
      spec:
        containers:
        - args:
          - --cert-dir=$(CERT_DIR)
          env:
          - name: CATAPULT_MANAGEMENT_CLUSTER_KIND
            value: CouchDBInternal
          - name: CATAPULT_MANAGEMENT_CLUSTER_VERSION
            value: v1alpha1
          - name: CATAPULT_MANAGEMENT_CLUSTER_GROUP
            value: eu-west-1.provider
          - name: CATAPULT_SERVICE_CLUSTER_KIND
            value: CouchDB
          - name: CATAPULT_SERVICE_CLUSTER_VERSION
            value: v1alpha1
          - name: CATAPULT_SERVICE_CLUSTER_GROUP
            value: couchdb.io
          - name: CATAPULT_SERVICE_CLUSTER_NAME
            value: eu-west-1
          - name: CATAPULT_SERVICE_CLUSTER_KUBECONFIG
            value: /config/kubeconfig
          - name: CATAPULT_MUTATING_WEBHOOK_PATH
            value: /mutate-eu-west-1-provider-v1alpha1-couchdbinternal
          - name: CATAPULT_WEBHOOK_STRATEGY
            value: ""
          - name: KUBERNETES_NAMESPACE
            valueFrom:
              fieldRef:
                fieldPath: metadata.namespace
          - name: CERT_DIR
            value: /tmp/k8s-webhook-server/serving-certs
          image: quay.io/kubecarrier/catapult:was not build properly
          livenessProbe:
            httpGet:
              path: /healthz
              port: readiness-port
          name: manager
          ports:
          - containerPort: 9443
            name: webhook-server
            protocol: TCP
          - containerPort: 9440
            name: readiness-port
            protocol: TCP
          readinessProbe:
            httpGet:
              path: /readyz
              port: readiness-port
          resources:
            limits:
              cpu: 100m
              memory: 30Mi
            requests:
              cpu: 100m
              memory: 20Mi
          volumeMounts:
          - mountPath: /config
            name: kubeconfig
            readOnly: true
          - mountPath: /tmp/k8s-webhook-server/serving-certs
            name: cert
            readOnly: true
        serviceAccountName: db-eu-west-1-catapult-sa
        terminationGracePeriodSeconds: 10
        volumes:
        - name: kubeconfig
          secret:
            secretName: eu-west-1-kubeconfig
        - name: cert
          secret:
            defaultMode: 420
            secretName: webhook-server-cert
- apiVersion: admissionregistration.k8s.io/v1beta1
  kind: MutatingWebhookConfiguration
  metadata:
    annotations:
      cert-manager.io/inject-ca-from: test3000/db-eu-west-1-catapult-serving-cert
    creationTimestamp: null
    labels:
      kubecarrier.io/role: catapult
    name: db-eu-west-1-catapult-mutating-webhook-configuration
  webhooks:
  - clientConfig:
      caBundle: Q2c9PQ==
      service:
        name: db-eu-west-1-catapult-webhook-service
        namespace: test3000
        path: /mutate-eu-west-1-provider-v1alpha1-couchdbinternal
    failurePolicy: Fail
    name: mcouchdbinternal.kubecarrier.io
    rules:
    - apiGroups:
      - eu-west-1.provider
      apiVersions:
      - v1alpha1
      operations:
      - CREATE
      - UPDATE
      resources:
      - couchdbinternals
- apiVersion: v1
  kind: Service
  metadata:
    labels:
      kubecarrier.io/role: catapult
    name: db-eu-west-1-catapult-webhook-service
    namespace: test3000
  spec:
    ports:
    - port: 443
      targetPort: 9443
    selector:
      control-plane: manager
      kubecarrier.io/role: catapult
- apiVersion: cert-manager.io/v1alpha2
  kind: Issuer
  metadata:
    labels:
      kubecarrier.io/role: catapult
    name: db-eu-west-1-catapult-selfsigned-issuer
    namespace: test3000
  spec:
    selfSigned: {}
- apiVersion: cert-manager.io/v1alpha2
  kind: Certificate
  metadata:
    labels:
      kubecarrier.io/role: catapult
    name: db-eu-west-1-catapult-serving-cert
    namespace: test3000
  spec:
    dnsNames:
    - db-eu-west-1-catapult-webhook-service.test3000.svc
    - db-eu-west-1-catapult-webhook-service.test3000.svc.cluster.local
    issuerRef:
      kind: Issuer
      name: db-eu-west-1-catapult-selfsigned-issuer
    secretName: webhook-server-cert
