- apiVersion: rbac.authorization.k8s.io/v1
  kind: Role
  metadata:
    creationTimestamp: null
    labels:
      app.kubernetes.io/instance: db.eu-west-1
      app.kubernetes.io/managed-by: kubecarrier-operator
      app.kubernetes.io/name: elevator
      app.kubernetes.io/version: was not build properly
      kubecarrier.io/role: elevator
    name: db-eu-west-1-elevator-manager
    namespace: test3000
  rules:
  - apiGroups:
    - catalog.kubecarrier.io
    resources:
    - derivedcustomresources
    verbs:
    - get
    - list
    - watch
  - apiGroups:
    - catalog.kubecarrier.io
    resources:
    - derivedcustomresources/status
    verbs:
    - get
- apiVersion: rbac.authorization.k8s.io/v1
  kind: ClusterRole
  metadata:
    creationTimestamp: null
    labels:
      app.kubernetes.io/instance: db.eu-west-1
      app.kubernetes.io/managed-by: kubecarrier-operator
      app.kubernetes.io/name: elevator
      app.kubernetes.io/version: was not build properly
      kubecarrier.io/role: elevator
    name: db-eu-west-1-elevator-manager
  rules:
  - apiGroups:
    - eu-west-1.provider
    resources:
    - couchdbinternals
    verbs:
    - create
    - delete
    - get
    - list
    - patch
    - update
    - watch
  - apiGroups:
    - eu-west-1.provider
    resources:
    - couchdbinternals/status
    verbs:
    - get
    - patch
    - update
  - apiGroups:
    - eu-west-1.provider
    resources:
    - couchdbs
    verbs:
    - create
    - delete
    - get
    - list
    - patch
    - update
    - watch
  - apiGroups:
    - eu-west-1.provider
    resources:
    - couchdbs/status
    verbs:
    - get
    - patch
    - update
- apiVersion: v1
  kind: ServiceAccount
  metadata:
    labels:
      app.kubernetes.io/instance: db.eu-west-1
      app.kubernetes.io/managed-by: kubecarrier-operator
      app.kubernetes.io/name: elevator
      app.kubernetes.io/version: was not build properly
      kubecarrier.io/role: elevator
    name: db-eu-west-1-elevator-sa
    namespace: test3000
- apiVersion: rbac.authorization.k8s.io/v1
  kind: ClusterRoleBinding
  metadata:
    labels:
      app.kubernetes.io/instance: db.eu-west-1
      app.kubernetes.io/managed-by: kubecarrier-operator
      app.kubernetes.io/name: elevator
      app.kubernetes.io/version: was not build properly
      kubecarrier.io/role: elevator
    name: db-eu-west-1-elevator-manager
  roleRef:
    apiGroup: rbac.authorization.k8s.io
    kind: ClusterRole
    name: db-eu-west-1-elevator-manager
  subjects:
  - kind: ServiceAccount
    name: db-eu-west-1-elevator-sa
    namespace: test3000
- apiVersion: rbac.authorization.k8s.io/v1
  kind: RoleBinding
  metadata:
    labels:
      app.kubernetes.io/instance: db.eu-west-1
      app.kubernetes.io/managed-by: kubecarrier-operator
      app.kubernetes.io/name: elevator
      app.kubernetes.io/version: was not build properly
      kubecarrier.io/role: elevator
    name: db-eu-west-1-elevator-manager
    namespace: test3000
  roleRef:
    apiGroup: rbac.authorization.k8s.io
    kind: Role
    name: db-eu-west-1-elevator-manager
  subjects:
  - kind: ServiceAccount
    name: db-eu-west-1-elevator-sa
    namespace: test3000
- apiVersion: rbac.authorization.k8s.io/v1
  kind: Role
  metadata:
    labels:
      app.kubernetes.io/instance: db.eu-west-1
      app.kubernetes.io/managed-by: kubecarrier-operator
      app.kubernetes.io/name: elevator
      app.kubernetes.io/version: was not build properly
      kubecarrier.io/role: elevator
    name: db-eu-west-1-elevator-leader-election-role
    namespace: test3000
  rules:
  - apiGroups:
    - ""
    resources:
    - configmaps
    verbs:
    - get
    - list
    - watch
    - create
    - update
    - patch
    - delete
  - apiGroups:
    - ""
    resources:
    - configmaps/status
    verbs:
    - get
    - update
    - patch
  - apiGroups:
    - ""
    resources:
    - events
    verbs:
    - create
- apiVersion: rbac.authorization.k8s.io/v1
  kind: RoleBinding
  metadata:
    labels:
      app.kubernetes.io/instance: db.eu-west-1
      app.kubernetes.io/managed-by: kubecarrier-operator
      app.kubernetes.io/name: elevator
      app.kubernetes.io/version: was not build properly
      kubecarrier.io/role: elevator
    name: db-eu-west-1-elevator-leader-election-rolebinding
    namespace: test3000
  roleRef:
    apiGroup: rbac.authorization.k8s.io
    kind: Role
    name: db-eu-west-1-elevator-leader-election-role
  subjects:
  - kind: ServiceAccount
    name: db-eu-west-1-elevator-sa
    namespace: test3000
- apiVersion: apps/v1
  kind: Deployment
  metadata:
    labels:
      app.kubernetes.io/instance: db.eu-west-1
      app.kubernetes.io/managed-by: kubecarrier-operator
      app.kubernetes.io/name: elevator
      app.kubernetes.io/version: was not build properly
      control-plane: manager
      kubecarrier.io/role: elevator
    name: db-eu-west-1-elevator-manager
    namespace: test3000
  spec:
    replicas: 1
    selector:
      matchLabels:
        control-plane: manager
        kubecarrier.io/role: elevator
    template:
      metadata:
        labels:
          control-plane: manager
          kubecarrier.io/role: elevator
      spec:
        containers:
        - args:
          - --cert-dir=$(CERT_DIR)
          env:
          - name: ELEVATOR_DERIVED_CRD_NAME
            value: couchdbs.eu-west-1
          - name: ELEVATOR_PROVIDER_KIND
            value: CouchDBInternal
          - name: ELEVATOR_PROVIDER_VERSION
            value: v1alpha1
          - name: ELEVATOR_PROVIDER_GROUP
            value: eu-west-1.provider
          - name: ELEVATOR_TENANT_KIND
            value: CouchDB
          - name: ELEVATOR_TENANT_VERSION
            value: v1alpha1
          - name: ELEVATOR_TENANT_GROUP
            value: eu-west-1.provider
          - name: ELEVATOR_MUTATING_WEBHOOK_PATH
            value: /mutate-eu-west-1-provider-v1alpha1-couchdb
          - name: KUBERNETES_NAMESPACE
            valueFrom:
              fieldRef:
                fieldPath: metadata.namespace
          - name: CERT_DIR
            value: /tmp/k8s-webhook-server/serving-certs
          image: quay.io/kubecarrier/elevator:was not build properly
          livenessProbe:
            httpGet:
              path: /healthz
              port: readiness-port
          name: manager
          ports:
          - containerPort: 9443
            name: webhook-server
            protocol: TCP
          - containerPort: 9440
            name: readiness-port
            protocol: TCP
          readinessProbe:
            httpGet:
              path: /readyz
              port: readiness-port
          resources:
            limits:
              cpu: 100m
              memory: 30Mi
            requests:
              cpu: 100m
              memory: 20Mi
          volumeMounts:
          - mountPath: /tmp/k8s-webhook-server/serving-certs
            name: cert
            readOnly: true
        serviceAccountName: db-eu-west-1-elevator-sa
        terminationGracePeriodSeconds: 10
        volumes:
        - name: cert
          secret:
            defaultMode: 420
            secretName: db-eu-west-1-elevator-webhook-service-webhook-service-cert
- apiVersion: admissionregistration.k8s.io/v1beta1
  kind: MutatingWebhookConfiguration
  metadata:
    annotations:
      cert-manager.io/inject-ca-from: test3000/db-eu-west-1-elevator-serving-cert
    creationTimestamp: null
    labels:
      app.kubernetes.io/instance: db.eu-west-1
      app.kubernetes.io/managed-by: kubecarrier-operator
      app.kubernetes.io/name: elevator
      app.kubernetes.io/version: was not build properly
      kubecarrier.io/role: elevator
    name: db-eu-west-1-elevator-mutating-webhook-configuration
  webhooks:
  - clientConfig:
      caBundle: Q2c9PQ==
      service:
        name: db-eu-west-1-elevator-webhook-service
        namespace: test3000
        path: /mutate-eu-west-1-provider-v1alpha1-couchdb
    failurePolicy: Fail
    name: mcouchdb.kubecarrier.io
    rules:
    - apiGroups:
      - eu-west-1.provider
      apiVersions:
      - v1alpha1
      operations:
      - CREATE
      - UPDATE
      resources:
      - couchdbs
- apiVersion: v1
  kind: Service
  metadata:
    labels:
      app.kubernetes.io/instance: db.eu-west-1
      app.kubernetes.io/managed-by: kubecarrier-operator
      app.kubernetes.io/name: elevator
      app.kubernetes.io/version: was not build properly
      kubecarrier.io/role: elevator
    name: db-eu-west-1-elevator-webhook-service
    namespace: test3000
  spec:
    ports:
    - port: 443
      targetPort: 9443
    selector:
      control-plane: manager
      kubecarrier.io/role: elevator
- apiVersion: cert-manager.io/v1alpha2
  kind: Issuer
  metadata:
    labels:
      app.kubernetes.io/instance: db.eu-west-1
      app.kubernetes.io/managed-by: kubecarrier-operator
      app.kubernetes.io/name: elevator
      app.kubernetes.io/version: was not build properly
      kubecarrier.io/role: elevator
    name: db-eu-west-1-elevator-selfsigned-issuer
    namespace: test3000
  spec:
    selfSigned: {}
- apiVersion: cert-manager.io/v1alpha2
  kind: Certificate
  metadata:
    labels:
      app.kubernetes.io/instance: db.eu-west-1
      app.kubernetes.io/managed-by: kubecarrier-operator
      app.kubernetes.io/name: elevator
      app.kubernetes.io/version: was not build properly
      kubecarrier.io/role: elevator
    name: db-eu-west-1-elevator-serving-cert
    namespace: test3000
  spec:
    dnsNames:
    - db-eu-west-1-elevator-webhook-service.test3000.svc
    - db-eu-west-1-elevator-webhook-service.test3000.svc.cluster.local
    issuerRef:
      kind: Issuer
      name: db-eu-west-1-elevator-selfsigned-issuer
    secretName: db-eu-west-1-elevator-webhook-service-webhook-service-cert
- apiVersion: rbac.authorization.k8s.io/v1
  kind: ClusterRole
  metadata:
    creationTimestamp: null
    labels:
      app.kubernetes.io/instance: db.eu-west-1
      app.kubernetes.io/managed-by: kubecarrier-operator
      app.kubernetes.io/name: elevator
      app.kubernetes.io/version: was not build properly
      kubecarrier.io/manager: "true"
    name: couchdbs.eu-west-1.provider-view-only
  rules:
  - apiGroups:
    - eu-west-1.provider
    resources:
    - couchdbs
    verbs:
    - get
    - list
    - watch
- apiVersion: rbac.authorization.k8s.io/v1
  kind: ClusterRole
  metadata:
    creationTimestamp: null
    labels:
      app.kubernetes.io/instance: db.eu-west-1
      app.kubernetes.io/managed-by: kubecarrier-operator
      app.kubernetes.io/name: elevator
      app.kubernetes.io/version: was not build properly
      kubecarrier.io/apiserver: "true"
    name: couchdbs.eu-west-1.provider
  rules:
  - apiGroups:
    - eu-west-1.provider
    resources:
    - couchdbs
    verbs:
    - create
    - delete
    - get
    - list
